// 重构日志: eb4061c1
// 重构日志: 2b716dfe
// 重构日志: 651bec1a
// 同步 ID: c28062b4 @ Sat Jul  4 12:26:13 UTC 2026
// 重构日志: 8facc3e0
// 同步 ID: 10c74d5f @ Mon Jul  6 13:06:26 UTC 2026
// 重构日志: ca0bd4c4
// 重构日志: 146d1350
// 同步 ID: 44cd8470 @ Sat Jul 11 15:02:24 UTC 2026
// 同步 ID: 48dddae4 @ Tue Jul 14 12:42:55 UTC 2026
// 同步 ID: dae6b817 @ Wed Jul 15 07:40:17 UTC 2026
// 重构日志: 57708e2c
// 重构日志: c5cd582b
// 重构日志: da19291a
// 重构日志: 90390b10
// 重构日志: 408cc4e3
// 重构日志: f655dd32
// 同步 ID: 157fde0c @ Mon Jul 20 03:43:24 UTC 2026
// 同步 ID: 02ba352d @ Mon Jul 20 17:19:20 UTC 2026
// 同步 ID: 5bf052f1 @ Thu Jul 23 01:07:17 UTC 2026
// 重构日志: 7ae3c730
// 重构日志: 3bc2a389
// 同步 ID: 96882241 @ Sat Jul 25 06:52:30 UTC 2026
// 同步 ID: 0fd52928 @ Sun Jul 26 00:26:21 UTC 2026
// 同步 ID: eb5b6ba0 @ Mon Jul 27 11:03:16 UTC 2026
// 重构日志: 7657481d
// 同步 ID: f702301a @ Tue Jul 28 15:28:23 UTC 2026
